D:/NowhereToRun-Inspired-by-Space-Invader/MyApplication_2/Core/Src/main.c:480:13:SPI5_Write	1
D:/NowhereToRun-Inspired-by-Space-Invader/MyApplication_2/Core/Src/main.c:218:6:SystemClock_Config	1
D:/NowhereToRun-Inspired-by-Space-Invader/MyApplication_2/Core/Src/main.c:128:5:main	1
D:/NowhereToRun-Inspired-by-Space-Invader/MyApplication_2/Core/Src/main.c:324:6:IOE_Init	1
D:/NowhereToRun-Inspired-by-Space-Invader/MyApplication_2/Core/Src/main.c:333:6:IOE_ITConfig	1
D:/NowhereToRun-Inspired-by-Space-Invader/MyApplication_2/Core/Src/main.c:345:6:IOE_Write	1
D:/NowhereToRun-Inspired-by-Space-Invader/MyApplication_2/Core/Src/main.c:356:9:IOE_Read	1
D:/NowhereToRun-Inspired-by-Space-Invader/MyApplication_2/Core/Src/main.c:369:10:IOE_ReadMultiple	1
D:/NowhereToRun-Inspired-by-Space-Invader/MyApplication_2/Core/Src/main.c:378:6:IOE_Delay	1
D:/NowhereToRun-Inspired-by-Space-Invader/MyApplication_2/Core/Src/main.c:506:6:LCD_IO_Init	1
D:/NowhereToRun-Inspired-by-Space-Invader/MyApplication_2/Core/Src/main.c:516:6:LCD_IO_WriteData	1
D:/NowhereToRun-Inspired-by-Space-Invader/MyApplication_2/Core/Src/main.c:532:6:LCD_IO_WriteReg	1
D:/NowhereToRun-Inspired-by-Space-Invader/MyApplication_2/Core/Src/main.c:551:10:LCD_IO_ReadData	1
D:/NowhereToRun-Inspired-by-Space-Invader/MyApplication_2/Core/Src/main.c:578:6:LCD_Delay	1
D:/NowhereToRun-Inspired-by-Space-Invader/MyApplication_2/Core/Src/main.c:593:6:HAL_TIM_PeriodElapsedCallback	2
D:/NowhereToRun-Inspired-by-Space-Invader/MyApplication_2/Core/Src/main.c:611:6:Error_Handler	1
