D:/NowhereToRun-Inspired-by-Space-Invader/MyApplication_2/Core/Src/main.c:480:13:SPI5_Write	16	static
D:/NowhereToRun-Inspired-by-Space-Invader/MyApplication_2/Core/Src/main.c:218:6:SystemClock_Config	96	static
D:/NowhereToRun-Inspired-by-Space-Invader/MyApplication_2/Core/Src/main.c:128:5:main	8	static
D:/NowhereToRun-Inspired-by-Space-Invader/MyApplication_2/Core/Src/main.c:324:6:IOE_Init	0	static
D:/NowhereToRun-Inspired-by-Space-Invader/MyApplication_2/Core/Src/main.c:333:6:IOE_ITConfig	0	static
D:/NowhereToRun-Inspired-by-Space-Invader/MyApplication_2/Core/Src/main.c:345:6:IOE_Write	32	static
D:/NowhereToRun-Inspired-by-Space-Invader/MyApplication_2/Core/Src/main.c:356:9:IOE_Read	32	static
D:/NowhereToRun-Inspired-by-Space-Invader/MyApplication_2/Core/Src/main.c:369:10:IOE_ReadMultiple	24	static
D:/NowhereToRun-Inspired-by-Space-Invader/MyApplication_2/Core/Src/main.c:378:6:IOE_Delay	0	static
D:/NowhereToRun-Inspired-by-Space-Invader/MyApplication_2/Core/Src/main.c:506:6:LCD_IO_Init	8	static
D:/NowhereToRun-Inspired-by-Space-Invader/MyApplication_2/Core/Src/main.c:516:6:LCD_IO_WriteData	16	static
D:/NowhereToRun-Inspired-by-Space-Invader/MyApplication_2/Core/Src/main.c:532:6:LCD_IO_WriteReg	16	static
D:/NowhereToRun-Inspired-by-Space-Invader/MyApplication_2/Core/Src/main.c:551:10:LCD_IO_ReadData	32	static
D:/NowhereToRun-Inspired-by-Space-Invader/MyApplication_2/Core/Src/main.c:578:6:LCD_Delay	0	static
D:/NowhereToRun-Inspired-by-Space-Invader/MyApplication_2/Core/Src/main.c:593:6:HAL_TIM_PeriodElapsedCallback	0	static
D:/NowhereToRun-Inspired-by-Space-Invader/MyApplication_2/Core/Src/main.c:611:6:Error_Handler	0	static
