../../Middlewares/ST/touchgfx/framework/include/touchgfx/Screen.hpp:104:18:virtual void touchgfx::Screen::afterTransition()	0	static
../../Middlewares/ST/touchgfx/framework/include/touchgfx/Screen.hpp:144:18:virtual void touchgfx::Screen::handleTickEvent()	0	static
../../Middlewares/ST/touchgfx/framework/include/touchgfx/Screen.hpp:154:18:virtual void touchgfx::Screen::handleKeyEvent(uint8_t)	0	static
D:/NowhereToRun-Inspired-by-Space-Invader/MyApplication_2/TouchGFX/gui/src/gameover_screen/GameOverView.cpp:13:6:virtual void GameOverView::tearDownScreen()	0	static
../../TouchGFX/gui/include/gui/gameover_screen/GameOverView.hpp:11:13:GameOverView::~GameOverView()	8	static
../../TouchGFX/gui/include/gui/gameover_screen/GameOverView.hpp:11:13:virtual GameOverView::~GameOverView()	8	static
D:/NowhereToRun-Inspired-by-Space-Invader/MyApplication_2/TouchGFX/gui/src/gameover_screen/GameOverView.cpp:3:1:GameOverView::GameOverView()	8	static
D:/NowhereToRun-Inspired-by-Space-Invader/MyApplication_2/TouchGFX/gui/src/gameover_screen/GameOverView.cpp:8:6:virtual void GameOverView::setupScreen()	0	static
