../../Middlewares/ST/touchgfx/framework/include/touchgfx/Screen.hpp:104:18:virtual void touchgfx::Screen::afterTransition()	0	static
../../Middlewares/ST/touchgfx/framework/include/touchgfx/Screen.hpp:144:18:virtual void touchgfx::Screen::handleTickEvent()	0	static
../../Middlewares/ST/touchgfx/framework/include/touchgfx/Screen.hpp:154:18:virtual void touchgfx::Screen::handleKeyEvent(uint8_t)	0	static
D:/NowhereToRun-Inspired-by-Space-Invader/MyApplication_2/TouchGFX/gui/src/intro_screen/IntroView.cpp:13:6:virtual void IntroView::tearDownScreen()	0	static
../../TouchGFX/gui/include/gui/intro_screen/IntroView.hpp:11:13:IntroView::~IntroView()	8	static
../../TouchGFX/gui/include/gui/intro_screen/IntroView.hpp:11:13:virtual IntroView::~IntroView()	8	static
D:/NowhereToRun-Inspired-by-Space-Invader/MyApplication_2/TouchGFX/gui/src/intro_screen/IntroView.cpp:3:1:IntroView::IntroView()	8	static
D:/NowhereToRun-Inspired-by-Space-Invader/MyApplication_2/TouchGFX/gui/src/intro_screen/IntroView.cpp:8:6:virtual void IntroView::setupScreen()	0	static
