../../TouchGFX/gui/include/gui/level_screen/LevelPresenter.hpp:28:13:LevelPresenter::~LevelPresenter()	0	static
D:/2024.2/prj/NowhereToRun-Inspired-by-Space-Invader/MyApplication_2/TouchGFX/gui/src/level_screen/LevelPresenter.cpp:10:6:virtual void LevelPresenter::activate()	0	static
../../TouchGFX/gui/include/gui/level_screen/LevelPresenter.hpp:28:13:virtual LevelPresenter::~LevelPresenter()	8	static
../../TouchGFX/gui/include/gui/level_screen/LevelPresenter.hpp:28:13:virtual void* LevelPresenter::_ZThn4_N14LevelPresenterD1Ev()	0	static
D:/2024.2/prj/NowhereToRun-Inspired-by-Space-Invader/MyApplication_2/TouchGFX/gui/src/level_screen/LevelPresenter.cpp:4:1:LevelPresenter::LevelPresenter(LevelView&)	0	static
