../../Middlewares/ST/touchgfx/framework/include/touchgfx/Screen.hpp:104:18:virtual void touchgfx::Screen::afterTransition()	0	static
../../Middlewares/ST/touchgfx/framework/include/touchgfx/Screen.hpp:144:18:virtual void touchgfx::Screen::handleTickEvent()	0	static
../../Middlewares/ST/touchgfx/framework/include/touchgfx/Screen.hpp:154:18:virtual void touchgfx::Screen::handleKeyEvent(uint8_t)	0	static
D:/NowhereToRun-Inspired-by-Space-Invader/MyApplication_2/TouchGFX/gui/src/level_screen/LevelView.cpp:13:6:virtual void LevelView::tearDownScreen()	0	static
../../TouchGFX/gui/include/gui/level_screen/LevelView.hpp:11:13:LevelView::~LevelView()	8	static
../../TouchGFX/gui/include/gui/level_screen/LevelView.hpp:11:13:virtual LevelView::~LevelView()	8	static
D:/NowhereToRun-Inspired-by-Space-Invader/MyApplication_2/TouchGFX/gui/src/level_screen/LevelView.cpp:3:1:LevelView::LevelView()	8	static
D:/NowhereToRun-Inspired-by-Space-Invader/MyApplication_2/TouchGFX/gui/src/level_screen/LevelView.cpp:8:6:virtual void LevelView::setupScreen()	0	static
