../../TouchGFX/gui/include/gui/pause_screen/PausePresenter.hpp:28:13:PausePresenter::~PausePresenter()	0	static
D:/2024.2/prj/NowhereToRun-Inspired-by-Space-Invader/MyApplication_2/TouchGFX/gui/src/pause_screen/PausePresenter.cpp:10:6:virtual void PausePresenter::activate()	0	static
../../TouchGFX/gui/include/gui/pause_screen/PausePresenter.hpp:28:13:virtual PausePresenter::~PausePresenter()	8	static
../../TouchGFX/gui/include/gui/pause_screen/PausePresenter.hpp:28:13:virtual void* PausePresenter::_ZThn4_N14PausePresenterD1Ev()	0	static
D:/2024.2/prj/NowhereToRun-Inspired-by-Space-Invader/MyApplication_2/TouchGFX/gui/src/pause_screen/PausePresenter.cpp:4:1:PausePresenter::PausePresenter(PauseView&)	0	static
