../../Middlewares/ST/touchgfx/framework/include/touchgfx/Screen.hpp:104:18:virtual void touchgfx::Screen::afterTransition()	0	static
../../Middlewares/ST/touchgfx/framework/include/touchgfx/Screen.hpp:144:18:virtual void touchgfx::Screen::handleTickEvent()	0	static
../../Middlewares/ST/touchgfx/framework/include/touchgfx/Screen.hpp:154:18:virtual void touchgfx::Screen::handleKeyEvent(uint8_t)	0	static
C:/TouchGFXProjects/MyApplication_2/TouchGFX/gui/src/pause_screen/PauseView.cpp:13:6:virtual void PauseView::tearDownScreen()	0	static
../../TouchGFX/gui/include/gui/pause_screen/PauseView.hpp:11:13:PauseView::~PauseView()	8	static
../../TouchGFX/gui/include/gui/pause_screen/PauseView.hpp:11:13:virtual PauseView::~PauseView()	8	static
C:/TouchGFXProjects/MyApplication_2/TouchGFX/gui/src/pause_screen/PauseView.cpp:3:1:PauseView::PauseView()	8	static
C:/TouchGFXProjects/MyApplication_2/TouchGFX/gui/src/pause_screen/PauseView.cpp:8:6:virtual void PauseView::setupScreen()	0	static
