../../Middlewares/ST/touchgfx/framework/include/touchgfx/Screen.hpp:104:18:virtual void touchgfx::Screen::afterTransition()	0	static
../../Middlewares/ST/touchgfx/framework/include/touchgfx/Screen.hpp:154:18:virtual void touchgfx::Screen::handleKeyEvent(uint8_t)	0	static
D:/NowhereToRun-Inspired-by-Space-Invader/MyApplication_2/TouchGFX/gui/src/screen1_screen/Screen1View.cpp:126:6:virtual void Screen1View::tearDownScreen()	0	static
../../TouchGFX/gui/include/gui/screen1_screen/Screen1View.hpp:16:13:Screen1View::~Screen1View()	8	static
../../TouchGFX/gui/include/gui/screen1_screen/Screen1View.hpp:16:13:virtual Screen1View::~Screen1View()	8	static
../../Middlewares/ST/touchgfx/framework/include/touchgfx/Drawable.hpp:343:10:void touchgfx::Drawable::setXY(int16_t, int16_t)	16	static
D:/NowhereToRun-Inspired-by-Space-Invader/MyApplication_2/TouchGFX/gui/src/screen1_screen/Screen1View.cpp:382:6:void Screen1View::updateStoneMovement()	0	static
D:/NowhereToRun-Inspired-by-Space-Invader/MyApplication_2/TouchGFX/gui/src/screen1_screen/Screen1View.cpp:401:6:bool Screen1View::checkCollision(const CollisionBox&, const CollisionBox&)	8	static
D:/NowhereToRun-Inspired-by-Space-Invader/MyApplication_2/TouchGFX/gui/src/screen1_screen/Screen1View.cpp:409:27:Screen1View::CollisionBox Screen1View::getImageCollisionBox(touchgfx::Image*)	0	static
D:/NowhereToRun-Inspired-by-Space-Invader/MyApplication_2/TouchGFX/gui/src/screen1_screen/Screen1View.cpp:593:6:void Screen1View::updateHealthDisplay()	0	static
D:/NowhereToRun-Inspired-by-Space-Invader/MyApplication_2/TouchGFX/gui/src/screen1_screen/Screen1View.cpp:528:6:void Screen1View::damageStraw(int)	4	static
D:/NowhereToRun-Inspired-by-Space-Invader/MyApplication_2/TouchGFX/gui/src/screen1_screen/Screen1View.cpp:627:5:int Screen1View::getClosestEnemy()	20	static
D:/NowhereToRun-Inspired-by-Space-Invader/MyApplication_2/TouchGFX/gui/src/screen1_screen/Screen1View.cpp:335:6:void Screen1View::handleTulongShooting()	8	static
D:/NowhereToRun-Inspired-by-Space-Invader/MyApplication_2/TouchGFX/gui/src/screen1_screen/Screen1View.cpp:653:5:int Screen1View::getTulongX()	0	static
D:/NowhereToRun-Inspired-by-Space-Invader/MyApplication_2/TouchGFX/gui/src/screen1_screen/Screen1View.cpp:658:6:bool Screen1View::isTulongAtLeftBoundary()	0	static
D:/NowhereToRun-Inspired-by-Space-Invader/MyApplication_2/TouchGFX/gui/src/screen1_screen/Screen1View.cpp:664:6:bool Screen1View::isTulongAtRightBoundary()	0	static
D:/NowhereToRun-Inspired-by-Space-Invader/MyApplication_2/TouchGFX/gui/src/screen1_screen/Screen1View.cpp:669:6:void Screen1View::initHardwareRNG()	8	static
D:/NowhereToRun-Inspired-by-Space-Invader/MyApplication_2/TouchGFX/gui/src/screen1_screen/Screen1View.cpp:11:1:Screen1View::Screen1View()	8	static
D:/NowhereToRun-Inspired-by-Space-Invader/MyApplication_2/TouchGFX/gui/src/screen1_screen/Screen1View.cpp:685:10:uint32_t Screen1View::getHardwareRandom()	16	static
D:/NowhereToRun-Inspired-by-Space-Invader/MyApplication_2/TouchGFX/gui/src/screen1_screen/Screen1View.cpp:602:5:int Screen1View::getRandomAliveEnemy()	80	static
D:/NowhereToRun-Inspired-by-Space-Invader/MyApplication_2/TouchGFX/gui/src/screen1_screen/Screen1View.cpp:306:6:void Screen1View::handleEnemyShooting()	8	static
D:/NowhereToRun-Inspired-by-Space-Invader/MyApplication_2/TouchGFX/gui/src/screen1_screen/Screen1View.cpp:702:6:void Screen1View::triggerGameOver()	8	static
D:/NowhereToRun-Inspired-by-Space-Invader/MyApplication_2/TouchGFX/gui/src/screen1_screen/Screen1View.cpp:557:6:void Screen1View::damageTulong()	8	static
D:/NowhereToRun-Inspired-by-Space-Invader/MyApplication_2/TouchGFX/gui/src/screen1_screen/Screen1View.cpp:419:6:void Screen1View::handleCollisions()	72	static
D:/NowhereToRun-Inspired-by-Space-Invader/MyApplication_2/TouchGFX/gui/src/screen1_screen/Screen1View.cpp:247:6:void Screen1View::handleTulongMovement()	16	static
D:/NowhereToRun-Inspired-by-Space-Invader/MyApplication_2/TouchGFX/gui/src/screen1_screen/Screen1View.cpp:49:6:virtual void Screen1View::setupScreen()	48	static
D:/NowhereToRun-Inspired-by-Space-Invader/MyApplication_2/TouchGFX/gui/src/screen1_screen/Screen1View.cpp:714:6:void Screen1View::addScore(int)	8	static
D:/NowhereToRun-Inspired-by-Space-Invader/MyApplication_2/TouchGFX/gui/src/screen1_screen/Screen1View.cpp:364:6:void Screen1View::updateStarMovement()	0	static
D:/NowhereToRun-Inspired-by-Space-Invader/MyApplication_2/TouchGFX/gui/src/screen1_screen/Screen1View.cpp:582:6:void Screen1View::destroyEnemy(int)	4	static
D:/NowhereToRun-Inspired-by-Space-Invader/MyApplication_2/TouchGFX/gui/src/screen1_screen/Screen1View.cpp:470:6:void Screen1View::handleStoneCollisions()	72	static
D:/NowhereToRun-Inspired-by-Space-Invader/MyApplication_2/TouchGFX/gui/src/screen1_screen/Screen1View.cpp:131:6:virtual void Screen1View::handleTickEvent()	40	static
