../../Middlewares/ST/touchgfx/framework/include/touchgfx/Screen.hpp:104:18:virtual void touchgfx::Screen::afterTransition()	0	static
../../Middlewares/ST/touchgfx/framework/include/touchgfx/Screen.hpp:154:18:virtual void touchgfx::Screen::handleKeyEvent(uint8_t)	0	static
D:/NowhereToRun-Inspired-by-Space-Invader/MyApplication_2/TouchGFX/gui/src/screen1_screen/Screen1View.cpp:110:6:virtual void Screen1View::tearDownScreen()	0	static
../../TouchGFX/gui/include/gui/screen1_screen/Screen1View.hpp:16:13:Screen1View::~Screen1View()	8	static
../../TouchGFX/gui/include/gui/screen1_screen/Screen1View.hpp:16:13:virtual Screen1View::~Screen1View()	8	static
../../Middlewares/ST/touchgfx/framework/include/touchgfx/Drawable.hpp:343:10:void touchgfx::Drawable::setXY(int16_t, int16_t)	16	static
D:/NowhereToRun-Inspired-by-Space-Invader/MyApplication_2/TouchGFX/gui/src/screen1_screen/Screen1View.cpp:346:6:void Screen1View::updateStarMovement()	0	static
D:/NowhereToRun-Inspired-by-Space-Invader/MyApplication_2/TouchGFX/gui/src/screen1_screen/Screen1View.cpp:363:6:void Screen1View::updateStoneMovement()	0	static
D:/NowhereToRun-Inspired-by-Space-Invader/MyApplication_2/TouchGFX/gui/src/screen1_screen/Screen1View.cpp:436:6:void Screen1View::destroyEnemy(int)	0	static
D:/NowhereToRun-Inspired-by-Space-Invader/MyApplication_2/TouchGFX/gui/src/screen1_screen/Screen1View.cpp:448:6:void Screen1View::updateHealthDisplay()	0	static
D:/NowhereToRun-Inspired-by-Space-Invader/MyApplication_2/TouchGFX/gui/src/screen1_screen/Screen1View.cpp:382:6:void Screen1View::damageStraw(int)	4	static
D:/NowhereToRun-Inspired-by-Space-Invader/MyApplication_2/TouchGFX/gui/src/screen1_screen/Screen1View.cpp:411:6:void Screen1View::damageTulong()	0	static
D:/NowhereToRun-Inspired-by-Space-Invader/MyApplication_2/TouchGFX/gui/src/screen1_screen/Screen1View.cpp:482:5:int Screen1View::getClosestEnemy()	20	static
D:/NowhereToRun-Inspired-by-Space-Invader/MyApplication_2/TouchGFX/gui/src/screen1_screen/Screen1View.cpp:317:6:void Screen1View::handleTulongShooting()	8	static
D:/NowhereToRun-Inspired-by-Space-Invader/MyApplication_2/TouchGFX/gui/src/screen1_screen/Screen1View.cpp:508:5:int Screen1View::getTulongX()	0	static
D:/NowhereToRun-Inspired-by-Space-Invader/MyApplication_2/TouchGFX/gui/src/screen1_screen/Screen1View.cpp:513:6:bool Screen1View::isTulongAtLeftBoundary()	0	static
D:/NowhereToRun-Inspired-by-Space-Invader/MyApplication_2/TouchGFX/gui/src/screen1_screen/Screen1View.cpp:518:6:bool Screen1View::isTulongAtRightBoundary()	0	static
D:/NowhereToRun-Inspired-by-Space-Invader/MyApplication_2/TouchGFX/gui/src/screen1_screen/Screen1View.cpp:523:6:void Screen1View::initHardwareRNG()	8	static
D:/NowhereToRun-Inspired-by-Space-Invader/MyApplication_2/TouchGFX/gui/src/screen1_screen/Screen1View.cpp:11:1:Screen1View::Screen1View()	8	static
D:/NowhereToRun-Inspired-by-Space-Invader/MyApplication_2/TouchGFX/gui/src/screen1_screen/Screen1View.cpp:539:10:uint32_t Screen1View::getHardwareRandom()	16	static
D:/NowhereToRun-Inspired-by-Space-Invader/MyApplication_2/TouchGFX/gui/src/screen1_screen/Screen1View.cpp:457:5:int Screen1View::getRandomAliveEnemy()	80	static
D:/NowhereToRun-Inspired-by-Space-Invader/MyApplication_2/TouchGFX/gui/src/screen1_screen/Screen1View.cpp:288:6:void Screen1View::handleEnemyShooting()	8	static
D:/NowhereToRun-Inspired-by-Space-Invader/MyApplication_2/TouchGFX/gui/src/screen1_screen/Screen1View.cpp:49:6:virtual void Screen1View::setupScreen()	48	static
D:/NowhereToRun-Inspired-by-Space-Invader/MyApplication_2/TouchGFX/gui/src/screen1_screen/Screen1View.cpp:228:6:void Screen1View::handleTulongMovement()	16	static
D:/NowhereToRun-Inspired-by-Space-Invader/MyApplication_2/TouchGFX/gui/src/screen1_screen/Screen1View.cpp:115:6:virtual void Screen1View::handleTickEvent()	40	static
