../../Middlewares/ST/touchgfx/framework/include/touchgfx/Screen.hpp:104:18:virtual void touchgfx::Screen::afterTransition()	0	static
../../Middlewares/ST/touchgfx/framework/include/touchgfx/Screen.hpp:154:18:virtual void touchgfx::Screen::handleKeyEvent(uint8_t)	0	static
D:/2024.2/prj/NowhereToRun-Inspired-by-Space-Invader/MyApplication_2/TouchGFX/gui/src/screen1_screen/Screen1View.cpp:126:6:virtual void Screen1View::tearDownScreen()	0	static
../../TouchGFX/gui/include/gui/screen1_screen/Screen1View.hpp:16:13:Screen1View::~Screen1View()	8	static
../../TouchGFX/gui/include/gui/screen1_screen/Screen1View.hpp:16:13:virtual Screen1View::~Screen1View()	8	static
../../Middlewares/ST/touchgfx/framework/include/touchgfx/Drawable.hpp:343:10:void touchgfx::Drawable::setXY(int16_t, int16_t)	16	static
D:/2024.2/prj/NowhereToRun-Inspired-by-Space-Invader/MyApplication_2/TouchGFX/gui/src/screen1_screen/Screen1View.cpp:378:6:void Screen1View::updateStoneMovement()	0	static
D:/2024.2/prj/NowhereToRun-Inspired-by-Space-Invader/MyApplication_2/TouchGFX/gui/src/screen1_screen/Screen1View.cpp:397:6:bool Screen1View::checkCollision(const CollisionBox&, const CollisionBox&)	8	static
D:/2024.2/prj/NowhereToRun-Inspired-by-Space-Invader/MyApplication_2/TouchGFX/gui/src/screen1_screen/Screen1View.cpp:405:27:Screen1View::CollisionBox Screen1View::getImageCollisionBox(touchgfx::Image*)	0	static
D:/2024.2/prj/NowhereToRun-Inspired-by-Space-Invader/MyApplication_2/TouchGFX/gui/src/screen1_screen/Screen1View.cpp:609:6:void Screen1View::updateHealthDisplay()	0	static
D:/2024.2/prj/NowhereToRun-Inspired-by-Space-Invader/MyApplication_2/TouchGFX/gui/src/screen1_screen/Screen1View.cpp:528:6:void Screen1View::damageStraw(int)	4	static
D:/2024.2/prj/NowhereToRun-Inspired-by-Space-Invader/MyApplication_2/TouchGFX/gui/src/screen1_screen/Screen1View.cpp:643:5:int Screen1View::getClosestEnemy()	20	static
D:/2024.2/prj/NowhereToRun-Inspired-by-Space-Invader/MyApplication_2/TouchGFX/gui/src/screen1_screen/Screen1View.cpp:331:6:void Screen1View::handleTulongShooting()	8	static
D:/2024.2/prj/NowhereToRun-Inspired-by-Space-Invader/MyApplication_2/TouchGFX/gui/src/screen1_screen/Screen1View.cpp:669:5:int Screen1View::getTulongX()	0	static
D:/2024.2/prj/NowhereToRun-Inspired-by-Space-Invader/MyApplication_2/TouchGFX/gui/src/screen1_screen/Screen1View.cpp:674:6:bool Screen1View::isTulongAtLeftBoundary()	0	static
D:/2024.2/prj/NowhereToRun-Inspired-by-Space-Invader/MyApplication_2/TouchGFX/gui/src/screen1_screen/Screen1View.cpp:680:6:bool Screen1View::isTulongAtRightBoundary()	0	static
D:/2024.2/prj/NowhereToRun-Inspired-by-Space-Invader/MyApplication_2/TouchGFX/gui/src/screen1_screen/Screen1View.cpp:685:6:void Screen1View::initHardwareRNG()	8	static
D:/2024.2/prj/NowhereToRun-Inspired-by-Space-Invader/MyApplication_2/TouchGFX/gui/src/screen1_screen/Screen1View.cpp:11:1:Screen1View::Screen1View()	8	static
D:/2024.2/prj/NowhereToRun-Inspired-by-Space-Invader/MyApplication_2/TouchGFX/gui/src/screen1_screen/Screen1View.cpp:700:10:uint32_t Screen1View::getHardwareRandom()	16	static
D:/2024.2/prj/NowhereToRun-Inspired-by-Space-Invader/MyApplication_2/TouchGFX/gui/src/screen1_screen/Screen1View.cpp:618:5:int Screen1View::getRandomAliveEnemy()	80	static
D:/2024.2/prj/NowhereToRun-Inspired-by-Space-Invader/MyApplication_2/TouchGFX/gui/src/screen1_screen/Screen1View.cpp:301:6:void Screen1View::handleEnemyShooting()	24	static
D:/2024.2/prj/NowhereToRun-Inspired-by-Space-Invader/MyApplication_2/TouchGFX/gui/src/screen1_screen/Screen1View.cpp:741:6:void Screen1View::triggerGameOver()	8	static
D:/2024.2/prj/NowhereToRun-Inspired-by-Space-Invader/MyApplication_2/TouchGFX/gui/src/screen1_screen/Screen1View.cpp:557:6:void Screen1View::damageTulong()	8	static
D:/2024.2/prj/NowhereToRun-Inspired-by-Space-Invader/MyApplication_2/TouchGFX/gui/src/screen1_screen/Screen1View.cpp:751:6:void Screen1View::triggerVictory()	8	static
D:/2024.2/prj/NowhereToRun-Inspired-by-Space-Invader/MyApplication_2/TouchGFX/gui/src/screen1_screen/Screen1View.cpp:762:6:void Screen1View::buzzerOn()	0	static
D:/2024.2/prj/NowhereToRun-Inspired-by-Space-Invader/MyApplication_2/TouchGFX/gui/src/screen1_screen/Screen1View.cpp:767:6:void Screen1View::buzzerOff()	0	static
D:/2024.2/prj/NowhereToRun-Inspired-by-Space-Invader/MyApplication_2/TouchGFX/gui/src/screen1_screen/Screen1View.cpp:772:6:void Screen1View::playSoundEffect(SoundEffect)	8	static
D:/2024.2/prj/NowhereToRun-Inspired-by-Space-Invader/MyApplication_2/TouchGFX/gui/src/screen1_screen/Screen1View.cpp:415:6:void Screen1View::handleCollisions()	72	static
D:/2024.2/prj/NowhereToRun-Inspired-by-Space-Invader/MyApplication_2/TouchGFX/gui/src/screen1_screen/Screen1View.cpp:246:6:void Screen1View::handleTulongMovement()	16	static
D:/2024.2/prj/NowhereToRun-Inspired-by-Space-Invader/MyApplication_2/TouchGFX/gui/src/screen1_screen/Screen1View.cpp:46:6:virtual void Screen1View::setupScreen()	48	static
D:/2024.2/prj/NowhereToRun-Inspired-by-Space-Invader/MyApplication_2/TouchGFX/gui/src/screen1_screen/Screen1View.cpp:714:6:void Screen1View::addScore(int)	8	static
D:/2024.2/prj/NowhereToRun-Inspired-by-Space-Invader/MyApplication_2/TouchGFX/gui/src/screen1_screen/Screen1View.cpp:360:6:void Screen1View::updateStarMovement()	0	static
D:/2024.2/prj/NowhereToRun-Inspired-by-Space-Invader/MyApplication_2/TouchGFX/gui/src/screen1_screen/Screen1View.cpp:582:6:void Screen1View::destroyEnemy(int)	8	static
D:/2024.2/prj/NowhereToRun-Inspired-by-Space-Invader/MyApplication_2/TouchGFX/gui/src/screen1_screen/Screen1View.cpp:468:6:void Screen1View::handleStoneCollisions()	72	static
D:/2024.2/prj/NowhereToRun-Inspired-by-Space-Invader/MyApplication_2/TouchGFX/gui/src/screen1_screen/Screen1View.cpp:131:6:virtual void Screen1View::handleTickEvent()	40	static
