../../TouchGFX/gui/include/gui/victory_screen/VictoryPresenter.hpp:28:13:VictoryPresenter::~VictoryPresenter()	0	static
D:/2024.2/prj/NowhereToRun-Inspired-by-Space-Invader/MyApplication_2/TouchGFX/gui/src/victory_screen/VictoryPresenter.cpp:10:6:virtual void VictoryPresenter::activate()	0	static
../../TouchGFX/gui/include/gui/victory_screen/VictoryPresenter.hpp:28:13:virtual VictoryPresenter::~VictoryPresenter()	8	static
../../TouchGFX/gui/include/gui/victory_screen/VictoryPresenter.hpp:28:13:virtual void* VictoryPresenter::_ZThn4_N16VictoryPresenterD1Ev()	0	static
D:/2024.2/prj/NowhereToRun-Inspired-by-Space-Invader/MyApplication_2/TouchGFX/gui/src/victory_screen/VictoryPresenter.cpp:4:1:VictoryPresenter::VictoryPresenter(VictoryView&)	0	static
